// Jest Snapshot v1, https://goo.gl/fbAQLP

exports[`Footer should render the correct JSX 1`] = `
.c0 {
  text-align: center;
  margin-bottom: 120px;
}

<Footer>
  <styled.footer>
    <footer
      className="c0"
    >
      <p />
    </footer>
  </styled.footer>
</Footer>
`;
