// Jest Snapshot v1, https://goo.gl/fbAQLP

exports[`Urls should render the correct JSX 1`] = `
<Urls
  urls={
    Array [
      Object {
        "type": "",
        "url": "",
      },
    ]
  }
>
  <ul>
    <li
      key="url-"
    >
      <a
        href=""
      />
    </li>
  </ul>
</Urls>
`;
