// Jest Snapshot v1, https://goo.gl/fbAQLP

exports[`ComicsNav should render the correct JSX 1`] = `
.c1 {
  display: -webkit-box;
  display: -webkit-flex;
  display: -ms-flexbox;
  display: flex;
  margin: 52px auto;
}

.c2 {
  -webkit-animation: iVXCSc 2s linear infinite;
  animation: iVXCSc 2s linear infinite;
  font-size: 100px;
  width: 100px;
}

.c0 {
  display: -webkit-box;
  display: -webkit-flex;
  display: -ms-flexbox;
  display: flex;
  -webkit-align-items: flex-start;
  -webkit-box-align: flex-start;
  -ms-flex-align: flex-start;
  align-items: flex-start;
  -webkit-flex-direction: column;
  -ms-flex-direction: column;
  flex-direction: column;
}

@media screen and (min-width:700px) {
  .c0 {
    padding-top: 170px;
  }
}

<ComicsNav
  getComics={[Function]}
>
  <styled.div>
    <div
      className="c0"
    >
      <Loading>
        <styled.div>
          <div
            className="c1"
          >
            <styled.div>
              <div
                className="c2"
              >
                âš™
              </div>
            </styled.div>
          </div>
        </styled.div>
      </Loading>
    </div>
  </styled.div>
</ComicsNav>
`;
