// Jest Snapshot v1, https://goo.gl/fbAQLP

exports[`Loading should render the correct JSX 1`] = `
.c0 {
  display: -webkit-box;
  display: -webkit-flex;
  display: -ms-flexbox;
  display: flex;
  margin: 52px auto;
}

.c1 {
  -webkit-animation: iVXCSc 2s linear infinite;
  animation: iVXCSc 2s linear infinite;
  font-size: 100px;
  width: 100px;
}

<Loading>
  <styled.div>
    <div
      className="c0"
    >
      <styled.div>
        <div
          className="c1"
        >
          âš™
        </div>
      </styled.div>
    </div>
  </styled.div>
</Loading>
`;
